valw-000 mine pick=mine_target p_orac=0.9999 OK
valw-001 mine pick=give_tool p_orac=0.9997 OK
valw-002 return pick=goto_base p_orac=0.9999 OK
valw-003 return pick=goto_base p_orac=0.9999 OK
valw-004 pickup pick=pickup_item p_orac=1.0000 OK
valw-005 travel pick=goto_target p_orac=1.0000 OK
valw-006 pickup pick=pickup_item p_orac=1.0000 OK
valw-007 travel pick=goto_target p_orac=1.0000 OK
valw-008 harvest pick=harvest_target p_orac=0.9999 OK
valw-009 travel pick=goto_target p_orac=1.0000 OK
valw-010 mine pick=mine_target p_orac=0.9999 OK
valw-011 travel pick=goto_target p_orac=1.0000 OK
valw-012 mine pick=give_tool p_orac=0.9996 OK
valw-013 travel pick=goto_target p_orac=1.0000 OK
valw-014 mine pick=give_tool p_orac=0.9998 OK
valw-015 mine pick=mine_target p_orac=0.8724 OK
valw-016 travel pick=goto_target p_orac=1.0000 OK
valw-017 pickup pick=pickup_item p_orac=1.0000 OK
valw-018 mine pick=give_tool p_orac=0.9999 OK
valw-019 travel pick=goto_target p_orac=1.0000 OK
valw-020 mine pick=give_tool p_orac=0.9973 OK
valw-021 mine pick=give_tool p_orac=0.9426 OK
valw-022 mine pick=give_tool p_orac=0.9087 OK
valw-023 travel pick=goto_target p_orac=1.0000 OK
valw-024 harvest pick=harvest_target p_orac=0.9998 OK
valw-025 return pick=goto_base p_orac=0.9999 OK
valw-026 harvest pick=harvest_target p_orac=0.9920 OK
valw-027 travel pick=goto_target p_orac=1.0000 OK
valw-028 pickup pick=pickup_item p_orac=1.0000 OK
valw-029 mine pick=give_tool p_orac=0.9989 OK
valw-030 done pick=wait p_orac=0.9479 OK
valw-031 return pick=goto_base p_orac=0.9999 OK
valw-032 travel pick=goto_target p_orac=1.0000 OK
valw-033 harvest pick=harvest_target p_orac=0.9998 OK
valw-034 mine pick=mine_target p_orac=0.9998 OK
valw-035 travel pick=goto_target p_orac=1.0000 OK
valw-036 done pick=wait p_orac=1.0000 OK
valw-037 travel pick=goto_target p_orac=1.0000 OK
valw-038 harvest pick=harvest_target p_orac=0.9999 OK
valw-039 travel pick=goto_target p_orac=1.0000 OK
...40/192 26s
valw-040 return pick=goto_base p_orac=0.9998 OK
valw-041 travel pick=goto_target p_orac=1.0000 OK
valw-042 travel pick=goto_target p_orac=1.0000 OK
valw-043 travel pick=goto_target p_orac=1.0000 OK
valw-044 mine pick=give_tool p_orac=0.9997 OK
valw-045 mine pick=mine_target p_orac=0.6794 OK
valw-046 return pick=goto_base p_orac=0.9999 OK
valw-047 return pick=goto_base p_orac=1.0000 OK
valw-048 pickup pick=pickup_item p_orac=1.0000 OK
valw-049 travel pick=goto_target p_orac=1.0000 OK
valw-050 pickup pick=pickup_item p_orac=1.0000 OK
valw-051 travel pick=goto_target p_orac=1.0000 OK
valw-052 harvest pick=harvest_target p_orac=0.9999 OK
valw-053 travel pick=goto_target p_orac=1.0000 OK
valw-054 mine pick=give_tool p_orac=0.9993 OK
valw-055 travel pick=goto_target p_orac=1.0000 OK
valw-056 mine pick=give_tool p_orac=0.9995 OK
valw-057 travel pick=goto_target p_orac=1.0000 OK
valw-058 mine pick=mine_target p_orac=0.9999 OK
valw-059 mine pick=give_tool p_orac=0.9995 OK
valw-060 travel pick=goto_target p_orac=1.0000 OK
valw-061 pickup pick=pickup_item p_orac=1.0000 OK
valw-062 mine pick=mine_target p_orac=0.9999 OK
valw-063 travel pick=goto_target p_orac=1.0000 OK
valw-064 mine pick=give_tool p_orac=0.9996 OK
valw-065 mine pick=give_tool p_orac=0.9993 OK
valw-066 mine pick=give_tool p_orac=0.9384 OK
valw-067 travel pick=goto_target p_orac=1.0000 OK
valw-068 harvest pick=harvest_target p_orac=0.9999 OK
valw-069 return pick=goto_base p_orac=0.9999 OK
valw-070 harvest pick=harvest_target p_orac=0.9999 OK
valw-071 travel pick=goto_target p_orac=1.0000 OK
valw-072 pickup pick=pickup_item p_orac=1.0000 OK
valw-073 mine pick=give_tool p_orac=0.9994 OK
valw-074 done pick=wait p_orac=0.9998 OK
valw-075 return pick=goto_base p_orac=0.9998 OK
valw-076 travel pick=goto_target p_orac=1.0000 OK
valw-077 harvest pick=harvest_target p_orac=0.9899 OK
valw-078 mine pick=give_tool p_orac=0.9985 OK
valw-079 travel pick=goto_target p_orac=1.0000 OK
...80/192 51s
valw-080 done pick=wait p_orac=0.9998 OK
valw-081 travel pick=goto_target p_orac=1.0000 OK
valw-082 harvest pick=harvest_target p_orac=0.9995 OK
valw-083 travel pick=goto_target p_orac=1.0000 OK
valw-084 return pick=goto_base p_orac=0.9998 OK
valw-085 travel pick=goto_target p_orac=1.0000 OK
valw-086 travel pick=goto_target p_orac=1.0000 OK
valw-087 travel pick=goto_target p_orac=1.0000 OK
valw-088 mine pick=give_tool p_orac=0.9999 OK
valw-089 mine pick=give_tool p_orac=0.9997 OK
valw-090 return pick=goto_base p_orac=0.9998 OK
valw-091 return pick=goto_base p_orac=0.9999 OK
valw-092 pickup pick=pickup_item p_orac=1.0000 OK
valw-093 travel pick=goto_target p_orac=1.0000 OK
valw-094 pickup pick=pickup_item p_orac=1.0000 OK
valw-095 travel pick=goto_target p_orac=1.0000 OK
r1-000 oov-id pick=pickup_item p_orac=1.0000 OK
r1-001 oov-id pick=goto_target p_orac=1.0000 OK
r1-002 oov-task pick=wait p_orac=0.9999 OK
r1-003 oov-task pick=goto_base p_orac=0.9996 OK
r1-004 oov-id pick=wait p_orac=0.9996 OK
r1-005 oov-id pick=harvest_target p_orac=0.9996 OK
r1-006 oov-task pick=goto_base p_orac=0.9994 OK
r1-007 oov-task pick=goto_target p_orac=1.0000 OK
r1-008 oov-id pick=goto_target p_orac=1.0000 OK
r1-009 oov-id pick=harvest_target p_orac=0.9998 OK
r1-010 oov-task pick=goto_base p_orac=0.9997 OK
r1-011 oov-task pick=goto_target p_orac=1.0000 OK
r1-012 oov-id pick=pickup_item p_orac=1.0000 OK
r1-013 oov-id pick=harvest_target p_orac=0.9998 OK
r1-014 oov-task pick=goto_base p_orac=0.9999 OK
r1-015 oov-task pick=harvest_target p_orac=0.9996 OK
r1-016 oov-id pick=wait p_orac=0.9998 OK
r1-017 oov-id pick=goto_target p_orac=1.0000 OK
r1-018 oov-task pick=goto_base p_orac=0.9998 OK
r1-019 oov-task pick=pickup_item p_orac=1.0000 OK
r1-020 oov-id pick=wait p_orac=0.9999 OK
r1-021 oov-id pick=pickup_item p_orac=1.0000 OK
r1-022 oov-task pick=wait p_orac=0.9993 OK
r1-023 oov-task pick=goto_base p_orac=0.9999 OK
...120/192 77s
r1-024 oov-id pick=give_tool p_orac=0.9998 OK
r1-025 oov-id pick=wait p_orac=0.9998 OK
r1-026 oov-task pick=wait p_orac=0.9997 OK
r1-027 oov-task pick=pickup_item p_orac=1.0000 OK
r1-028 oov-id pick=goto_base p_orac=1.0000 OK
r1-029 oov-id pick=pickup_item p_orac=1.0000 OK
r1-030 oov-task pick=give_tool p_orac=0.9996 OK
r1-031 oov-task pick=goto_target p_orac=1.0000 OK
r1-032 oov-id pick=mine_target p_orac=0.9999 OK
r1-033 oov-id pick=pickup_item p_orac=0.9999 OK
r1-034 oov-task pick=wait p_orac=0.9998 OK
r1-035 oov-task pick=pickup_item p_orac=0.9999 OK
r1-036 oov-id pick=goto_base p_orac=1.0000 OK
r1-037 oov-id pick=pickup_item p_orac=1.0000 OK
r1-038 oov-task pick=wait p_orac=0.9996 OK
r1-039 oov-task pick=pickup_item p_orac=1.0000 OK
r1-040 oov-id pick=wait p_orac=0.9996 OK
r1-041 oov-id pick=wait p_orac=0.9998 OK
r1-042 oov-task pick=give_tool p_orac=0.9988 OK
r1-043 oov-task pick=harvest_target p_orac=0.9999 OK
r1-044 oov-id pick=goto_target p_orac=1.0000 OK
r1-045 oov-id pick=goto_target p_orac=1.0000 OK
r1-046 oov-task pick=goto_base p_orac=0.9999 OK
r1-047 oov-task pick=pickup_item p_orac=0.9999 OK
r1-048 oov-id pick=mine_target p_orac=0.9999 OK
r1-049 oov-id pick=wait p_orac=0.9997 OK
r1-050 oov-task pick=wait p_orac=0.9997 OK
r1-051 oov-task pick=goto_target p_orac=1.0000 OK
r1-052 oov-id pick=goto_target p_orac=1.0000 OK
r1-053 oov-id pick=pickup_item p_orac=1.0000 OK
r1-054 oov-task pick=wait p_orac=0.9999 OK
r1-055 oov-task pick=harvest_target p_orac=0.9997 OK
r1-056 oov-id pick=mine_target p_orac=0.9999 OK
r1-057 oov-id pick=harvest_target p_orac=0.9999 OK
r1-058 oov-task pick=goto_base p_orac=0.9999 OK
r1-059 oov-task pick=wait p_orac=0.9999 OK
r1-060 oov-id pick=pickup_item p_orac=1.0000 OK
r1-061 oov-id pick=pickup_item p_orac=1.0000 OK
r1-062 oov-task pick=goto_target p_orac=1.0000 OK
r1-063 oov-task pick=harvest_target p_orac=0.9999 OK
...160/192 102s
r1-064 oov-id pick=goto_target p_orac=1.0000 OK
r1-065 oov-id pick=wait p_orac=0.9991 OK
r1-066 oov-task pick=goto_target p_orac=1.0000 OK
r1-067 oov-task pick=pickup_item p_orac=1.0000 OK
r1-068 oov-id pick=goto_base p_orac=0.9999 OK
r1-069 oov-id pick=wait p_orac=0.9998 OK
r1-070 oov-task pick=goto_base p_orac=0.9995 OK
r1-071 oov-task pick=wait p_orac=0.9998 OK
r1-072 oov-id pick=goto_target p_orac=1.0000 OK
r1-073 oov-id pick=wait p_orac=0.9994 OK
r1-074 oov-task pick=wait p_orac=0.9993 OK
r1-075 oov-task pick=goto_base p_orac=0.9994 OK
r1-076 oov-id pick=mine_target p_orac=0.9999 OK
r1-077 oov-id pick=harvest_target p_orac=0.9999 OK
r1-078 oov-task pick=goto_target p_orac=1.0000 OK
r1-079 oov-task pick=goto_base p_orac=0.9999 OK
r1-080 oov-id pick=goto_target p_orac=1.0000 OK
r1-081 oov-id pick=pickup_item p_orac=1.0000 OK
r1-082 oov-task pick=goto_target p_orac=1.0000 OK
r1-083 oov-task pick=goto_base p_orac=0.9999 OK
r1-084 oov-id pick=mine_target p_orac=0.9998 OK
r1-085 oov-id pick=goto_target p_orac=1.0000 OK
r1-086 oov-task pick=pickup_item p_orac=1.0000 OK
r1-087 oov-task pick=goto_target p_orac=1.0000 OK
r1-088 oov-id pick=mine_target p_orac=0.9999 OK
r1-089 oov-id pick=wait p_orac=0.9983 OK
r1-090 oov-task pick=mine_target p_orac=0.9998 OK
r1-091 oov-task pick=pickup_item p_orac=0.9999 OK
r1-092 oov-id pick=goto_base p_orac=0.9997 OK
r1-093 oov-id pick=goto_target p_orac=1.0000 OK
r1-094 oov-task pick=pickup_item p_orac=0.9999 OK
r1-095 oov-task pick=wait p_orac=0.9996 OK
done: 192 ok, 0 err (top1), 122s
